{
  "output_csv": "/Users/rubing/VScodeProject/CapstoneWB/data/merged_data/worldbank_idb_cdb_merged.csv",
  "output_xlsx": "/Users/rubing/VScodeProject/CapstoneWB/data/merged_data/worldbank_idb_cdb_merged.xlsx",
  "versioned_csv": "/Users/rubing/VScodeProject/CapstoneWB/data/merged_data/worldbank_idb_cdb_merged_0613.csv",
  "versioned_xlsx": "/Users/rubing/VScodeProject/CapstoneWB/data/merged_data/worldbank_idb_cdb_merged_0613.xlsx",
  "rows": 237651,
  "wb_rows": 78950,
  "idb_rows": 158272,
  "cdb_rows": 429,
  "columns": [
    "year_awarded",
    "date_awarded",
    "notice_id",
    "contract_name",
    "project_id",
    "project_name",
    "sector",
    "project_type",
    "project_url",
    "procurement_channel",
    "data_source",
    "bid_reference_no",
    "country",
    "contract_value_usd",
    "winning_country",
    "winning_firm_numbers",
    "contractor_country",
    "numbers_of_contractor_country",
    "winning_country_type",
    "winning_country_group",
    "if_joint_venture",
    "joint_venture"
  ]
}
