{
  "source": "World Bank",
  "region": "Latin America and Caribbean",
  "source_type": "Contract Overview",
  "start_year": 2015,
  "end_year": 2026,
  "total_records": 78950,
  "output_csv": "/Users/rubing/VScodeProject/CapstoneWB/data/raw/world_bank/world_bank_lac_raw.csv",
  "columns": [
    "project_id",
    "notice_type",
    "notice_no",
    "country",
    "year_awarded",
    "date_awarded",
    "data_source",
    "procurement_channel",
    "funding_source",
    "sector",
    "project_type",
    "contract_value_usd",
    "contract_currency",
    "contract_amount",
    "contract_duration_original_unit",
    "contract_duration_original",
    "contract_duration_days",
    "winning_firm_name",
    "winning_firm_code",
    "winning_firm_country",
    "winning_firm_is_chinese",
    "winning_firm_is_soe",
    "number_of_bidders",
    "if_single_bidder",
    "bidder_country_lowest_price",
    "bidder_lowest_price",
    "bidder_country",
    "bidder_price_currency",
    "bidder_price",
    "procurement_method",
    "financing_linked_to_bid",
    "financing_source_chinese",
    "joint_venture",
    "firm_registered_locally",
    "record_id",
    "awarded_date",
    "bid_reference_no",
    "project_name",
    "contract_url"
  ]
}
